// Jest Snapshot v1, https://goo.gl/fbAQLP

exports[`Text bold renders correctly 1`] = `
<p
  className="sc-bczRLJ jzQJTL"
/>
`;

exports[`Text light renders correctly 1`] = `
<p
  className="sc-gsnTZi kRNTBJ"
/>
`;

exports[`Text medium renders correctly 1`] = `
<p
  className="sc-dkzDqf jpQXfE"
/>
`;

exports[`Text regular renders correctly 1`] = `
<p
  className="sc-hKMtZM AqaKO"
/>
`;
