// Jest Snapshot v1, https://goo.gl/fbAQLP

exports[`MovieSelect renders correctly 1`] = `
<div
  className="sc-hKMtZM fZExle"
>
  <div
    className="sc-gsnTZi BqpBJ"
  >
    <div>
      <select
        className="sc-dkzDqf fZdTaJ"
        disabled={false}
        onChange={[Function]}
      >
        <option
          value={1}
        >
          Season 
          1
        </option>
        <option
          value={2}
        >
          Season 
          2
        </option>
        <option
          value={3}
        >
          Season 
          3
        </option>
        <option
          value={4}
        >
          Season 
          4
        </option>
        <option
          value={5}
        >
          Season 
          5
        </option>
        <option
          value={6}
        >
          Season 
          6
        </option>
        <option
          value={7}
        >
          Season 
          7
        </option>
        <option
          value={8}
        >
          Season 
          8
        </option>
      </select>
      <h1
        className="sc-eCYdqJ ecgNPl"
      >
        Hello
      </h1>
      <p
        className="sc-iqcoie kYFXBb"
      >
        hllo
      </p>
    </div>
  </div>
  <div
    className="sc-bczRLJ gDWKpl"
  >
    <div
      className="swiper-container"
    >
      <div
        className="swiper-button-prev"
      />
      <div
        className="swiper-button-next"
      />
      <div
        className="swiper-wrapper"
      >
        <div
          className="swiper-slide"
        >
          <div />
        </div>
        <div
          className="swiper-slide"
        >
          <div />
        </div>
        <div
          className="swiper-slide"
        >
          <div />
        </div>
        <div
          className="swiper-slide"
        >
          <div />
        </div>
        <div
          className="swiper-slide"
        >
          <div />
        </div>
        <div
          className="swiper-slide"
        >
          <div />
        </div>
        <div
          className="swiper-slide"
        >
          <div />
        </div>
      </div>
    </div>
  </div>
</div>
`;
