// Jest Snapshot v1, https://goo.gl/fbAQLP

exports[`MovieSelect renders correctly 1`] = `
<div
  className="sc-dkzDqf ddXhXL"
>
  <div
    className="sc-gsnTZi BqpBJ"
  >
    <div>
      <select
        disabled={false}
        onChange={[Function]}
      >
        <option
          value={1}
        >
          Season 
          1
        </option>
        <option
          value={2}
        >
          Season 
          2
        </option>
        <option
          value={3}
        >
          Season 
          3
        </option>
        <option
          value={4}
        >
          Season 
          4
        </option>
        <option
          value={5}
        >
          Season 
          5
        </option>
        <option
          value={6}
        >
          Season 
          6
        </option>
        <option
          value={7}
        >
          Season 
          7
        </option>
        <option
          value={8}
        >
          Season 
          8
        </option>
      </select>
      <h1
        className="sc-hKMtZM cqdelg"
      >
        Hello
      </h1>
      <p
        className="sc-kDDrLX cdZjdm"
      >
        hllo
      </p>
    </div>
  </div>
  <div
    className="sc-bczRLJ hTOvVw"
  >
    <div />
    <div />
    <div />
    <div />
    <div />
    <div />
    <div />
  </div>
</div>
`;
