// Jest Snapshot v1, https://goo.gl/fbAQLP

exports[`Heading one renders correctly 1`] = `
<h1
  className="sc-bczRLJ jfxyhu"
/>
`;

exports[`Heading three renders correctly 1`] = `
<h3
  className="sc-dkzDqf dEtffT"
/>
`;

exports[`Heading three renders correctly 2`] = `
<h4
  className="sc-hKMtZM cIETIP"
/>
`;

exports[`Heading two renders correctly 1`] = `
<h2
  className="sc-gsnTZi jUbKMy"
/>
`;
